******************************************************************************
                  TI ARM Linker Unix v20.2.7                   
******************************************************************************
>> Linked Wed Apr 15 14:01:14 2026

OUTPUT FILE NAME:   <TM4C1294ncpdt_default_project.out>
ENTRY POINT SYMBOL: "_c_int00_noargs"  address: 00002a59


MEMORY CONFIGURATION

         name            origin    length      used     unused   attr    fill
----------------------  --------  ---------  --------  --------  ----  --------
  FLASH                 00000000   00100000  00002e51  000fd1af  R  X
  SRAM                  20000000   00040000  000013b0  0003ec50  RW X


SEGMENT ALLOCATION MAP

run origin  load origin   length   init length attrs members
----------  ----------- ---------- ----------- ----- -------
00000000    00000000    00002e58   00002e58    r-x
  00000000    00000000    00000208   00000208    r-- .intvecs
  00000208    00000208    00002ab8   00002ab8    r-x .text
  00002cc0    00002cc0    00000101   00000101    r-- .const
  00002dc8    00002dc8    00000090   00000090    r-- .cinit
20000000    20000000    000013b0   00000000    rw-
  20000000    20000000    00000800   00000000    rw- .stack
  20000800    20000800    00000800   00000000    rw- .sysmem
  20001000    20001000    000001e8   00000000    rw- .data
  200011e8    200011e8    000001c8   00000000    rw- .bss


SECTION ALLOCATION MAP

 output                                  attributes/
section   page    origin      length       input sections
--------  ----  ----------  ----------   ----------------
.intvecs   0    00000000    00000208     
                  00000000    00000208     tm4c1294ncpdt_startup_ccs.obj (.intvecs)

.text      0    00000208    00002ab8     
                  00000208    00000a4e     rtsv7M4_T_le_v4SPD16_eabi.lib : _printfi.c.obj (.text:__TI_printfi)
                  00000c56    00000002                                   : _lock.c.obj (.text:_nop)
                  00000c58    00000270                                   : _printfi.c.obj (.text:_pconv_a)
                  00000ec8    000001d0                                   : _printfi.c.obj (.text:_pconv_g)
                  00001098    000001b6                                   : fd_add_t2.asm.obj (.text)
                  0000124e    00000002                                   : div0.asm.obj (.text)
                  00001250    0000013c                                   : _printfi.c.obj (.text:_pconv_e)
                  0000138c    00000136                                   : fd_div_t2.asm.obj (.text)
                  000014c2    00000002     --HOLE-- [fill = 0]
                  000014c4    00000124                                   : _printfi.c.obj (.text:fcvt)
                  000015e8    00000114                                   : fputs.c.obj (.text:fputs)
                  000016fc    00000110                                   : s_scalbn.c.obj (.text:scalbn)
                  0000180c    00000100                                   : memory.c.obj (.text:aligned_alloc)
                  0000190c    000000fc                                   : fd_mul_t2.asm.obj (.text)
                  00001a08    000000e4                                   : memory.c.obj (.text:free)
                  00001aec    000000dc                                   : setvbuf.c.obj (.text:setvbuf)
                  00001bc8    000000bc     main.obj (.text)
                  00001c84    000000b1     rtsv7M4_T_le_v4SPD16_eabi.lib : _printfi.c.obj (.text:_ltostr)
                  00001d35    00000001     --HOLE-- [fill = 0]
                  00001d36    0000009c                                   : memcpy_t2.asm.obj (.text)
                  00001dd2    00000096                                   : ull_div_t2.asm.obj (.text)
                  00001e68    0000008c                                   : fputc.c.obj (.text:fputc)
                  00001ef4    00000086                                   : fd_cmp_t2.asm.obj (.text:__aeabi_cdcmple)
                  00001f7a    00000086                                   : fd_cmp_t2.asm.obj (.text:__aeabi_cdrcmple)
                  00002000    0000007a                                   : memset_t2.asm.obj (.text)
                  0000207a    00000002     --HOLE-- [fill = 0]
                  0000207c    00000074                                   : fclose.c.obj (.text:__TI_closefile)
                  000020f0    00000070                                   : memory.c.obj (.text:split)
                  00002160    0000006e                                   : _printfi.c.obj (.text:_mcpy)
                  000021ce    00000002     --HOLE-- [fill = 0]
                  000021d0    0000006c                                   : hostrename.c.obj (.text:HOSTrename)
                  0000223c    00000068                                   : hostlseek.c.obj (.text:HOSTlseek)
                  000022a4    00000068                                   : copy_decompress_lzss.c.obj (.text:decompress:lzss:__TI_decompress_lzss)
                  0000230c    00000068                                   : printf.c.obj (.text:printf)
                  00002374    00000064                                   : s_frexp.c.obj (.text:frexp)
                  000023d8    00000064                                   : fseek.c.obj (.text:fseek)
                  0000243c    00000062                                   : _io_perm.c.obj (.text:__TI_wrt_ok)
                  0000249e    00000002     --HOLE-- [fill = 0]
                  000024a0    00000060                                   : hostopen.c.obj (.text:HOSTopen)
                  00002500    0000005c                                   : close.c.obj (.text:close)
                  0000255c    00000058                                   : hostread.c.obj (.text:HOSTread)
                  000025b4    00000058                                   : hostwrite.c.obj (.text:HOSTwrite)
                  0000260c    00000056                                   : _printfi.c.obj (.text:_pconv_f)
                  00002662    00000054                                   : _ltoa.c.obj (.text:__TI_ltoa)
                  000026b6    00000052                                   : _printfi.c.obj (.text:_ecpy)
                  00002708    0000004c                                   : fflush.c.obj (.text:__TI_doflush)
                  00002754    0000004c                                   : atoi.c.obj (.text:atoi)
                  000027a0    00000048                                   : exit.c.obj (.text:exit)
                  000027e8    00000048                                   : fd_toi_t2.asm.obj (.text)
                  00002830    00000044                                   : hostclose.c.obj (.text:HOSTclose)
                  00002874    00000044                                   : hostunlink.c.obj (.text:HOSTunlink)
                  000028b8    00000044                                   : autoinit.c.obj (.text:__TI_auto_init_nobinit_nopinit:__TI_auto_init_nobinit_nopinit)
                  000028fc    00000044                                   : getdevice.c.obj (.text:getdevice)
                  00002940    0000003e                                   : _printfi.c.obj (.text:_fcpy)
                  0000297e    00000002     --HOLE-- [fill = 0]
                  00002980    00000038                                   : trgmsg.c.obj (.text:__TI_writemsg)
                  000029b8    00000036                                   : strncpy.c.obj (.text:strncpy)
                  000029ee    00000002     --HOLE-- [fill = 0]
                  000029f0    00000034                                   : fopen.c.obj (.text:__TI_cleanup)
                  00002a24    00000034                                   : trgmsg.c.obj (.text:__TI_readmsg)
                  00002a58    00000034                                   : boot_cortex_m.c.obj (.text:_c_int00_noargs:_c_int00_noargs)
                  00002a8c    00000030                                   : getdevice.c.obj (.text:finddevice)
                  00002abc    0000002e                                   : i_tofd_t2.asm.obj (.text)
                  00002aea    00000002     --HOLE-- [fill = 0]
                  00002aec    0000002c                                   : unlink.c.obj (.text:unlink)
                  00002b18    00000028                                   : memory.c.obj (.text:free_list_insert)
                  00002b40    00000028                                   : lseek.c.obj (.text:lseek)
                  00002b68    00000028                                   : write.c.obj (.text:write)
                  00002b90    00000020                                   : memchr.c.obj (.text:memchr)
                  00002bb0    0000001c                                   : copy_zero_init.c.obj (.text:decompress:ZI:__TI_zero_init_nomemset:__TI_zero_init_nomemset)
                  00002bcc    0000001c                                   : memory.c.obj (.text:free_list_remove)
                  00002be8    0000001c                                   : memccpy.c.obj (.text:memccpy)
                  00002c04    0000001a                                   : s_copysign.c.obj (.text:copysign)
                  00002c1e    00000018                                   : strcmp.c.obj (.text:strcmp)
                  00002c36    00000016                                   : strchr.c.obj (.text:strchr)
                  00002c4c    00000014                                   : strcpy.c.obj (.text:strcpy)
                  00002c60    00000014                                   : strlen.c.obj (.text:strlen)
                  00002c74    00000012                                   : wcslen.c.obj (.text:wcslen)
                  00002c86    0000000e                                   : copy_decompress_none.c.obj (.text:decompress:none:__TI_decompress_none)
                  00002c94    0000000c     tm4c1294ncpdt_startup_ccs.obj (.text)
                  00002ca0    00000008     rtsv7M4_T_le_v4SPD16_eabi.lib : errno.c.obj (.text:__aeabi_errno_addr)
                  00002ca8    00000008                                   : memory.c.obj (.text:malloc)
                  00002cb0    00000004                                   : printf.c.obj (.text:_outc)
                  00002cb4    00000004                                   : printf.c.obj (.text:_outs)
                  00002cb8    00000004                                   : pre_init.c.obj (.text:_system_pre_init)
                  00002cbc    00000004                                   : exit.c.obj (.text:abort:abort)

.const     0    00002cc0    00000101     
                  00002cc0    00000101     rtsv7M4_T_le_v4SPD16_eabi.lib : ctype.c.obj (.const:.string:_ctypes_)

.cinit     0    00002dc8    00000090     
                  00002dc8    00000065     (.cinit..data.load) [load image, compression = lzss]
                  00002e2d    00000003     --HOLE-- [fill = 0]
                  00002e30    0000000c     (__TI_handler_table)
                  00002e3c    00000004     --HOLE-- [fill = 0]
                  00002e40    00000008     (.cinit..bss.load) [load image, compression = zero_init]
                  00002e48    00000010     (__TI_cinit_table)

.init_array 
*          0    00000000    00000000     UNINITIALIZED

.stack     0    20000000    00000800     UNINITIALIZED
                  20000000    00000004     rtsv7M4_T_le_v4SPD16_eabi.lib : boot_cortex_m.c.obj (.stack)
                  20000004    000007fc     --HOLE--

.sysmem    0    20000800    00000800     UNINITIALIZED
                  20000800    00000010     rtsv7M4_T_le_v4SPD16_eabi.lib : memory.c.obj (.sysmem)
                  20000810    000007f0     --HOLE--

.data      0    20001000    000001e8     UNINITIALIZED
                  20001000    000000f0     rtsv7M4_T_le_v4SPD16_eabi.lib : defs.c.obj (.data:_ftable)
                  200010f0    00000078                                   : host_device.c.obj (.data:_device)
                  20001168    00000050                                   : host_device.c.obj (.data:_stream)
                  200011b8    00000010                                   : defs.c.obj (.data)
                  200011c8    0000000c                                   : exit.c.obj (.data:$O1$$)
                  200011d4    00000008                                   : _lock.c.obj (.data:$O1$$)
                  200011dc    00000008                                   : memory.c.obj (.data:$O1$$)
                  200011e4    00000004                                   : errno.c.obj (.data)

.bss       0    200011e8    000001c8     UNINITIALIZED
                  200011e8    00000120     rtsv7M4_T_le_v4SPD16_eabi.lib : trgmsg.c.obj (.bss:_CIOBUF_)
                  20001308    000000a0     (.common:__TI_tmpnams)
                  200013a8    00000008     (.common:parmbuf)

__llvm_prf_cnts 
*          0    20000000    00000000     UNINITIALIZED

MODULE SUMMARY

       Module                          code    ro data   rw data
       ------                          ----    -------   -------
    ./
       tm4c1294ncpdt_startup_ccs.obj   12      520       0      
       main.obj                        188     0         0      
    +--+-------------------------------+-------+---------+---------+
       Total:                          200     520       0      
                                                                
    /home/arthur/ti/ccs2040/ccs/tools/compiler/ti-cgt-arm_20.2.7.LTS/lib/rtsv7M4_T_le_v4SPD16_eabi.lib
       _printfi.c.obj                  4851    0         0      
       memory.c.obj                    672     0         8      
       fd_add_t2.asm.obj               438     0         0      
       defs.c.obj                      0       0         416    
       trgmsg.c.obj                    108     0         288    
       fd_div_t2.asm.obj               310     0         0      
       fputs.c.obj                     276     0         0      
       s_scalbn.c.obj                  272     0         0      
       fd_cmp_t2.asm.obj               268     0         0      
       ctype.c.obj                     0       257       0      
       fd_mul_t2.asm.obj               252     0         0      
       setvbuf.c.obj                   220     0         0      
       host_device.c.obj               0       0         200    
       memcpy_t2.asm.obj               156     0         0      
       ull_div_t2.asm.obj              150     0         0      
       fputc.c.obj                     140     0         0      
       memset_t2.asm.obj               122     0         0      
       fclose.c.obj                    116     0         0      
       getdevice.c.obj                 116     0         0      
       printf.c.obj                    112     0         0      
       hostrename.c.obj                108     0         0      
       copy_decompress_lzss.c.obj      104     0         0      
       hostlseek.c.obj                 104     0         0      
       hostopen.c.obj                  96      0         8      
       fseek.c.obj                     100     0         0      
       s_frexp.c.obj                   100     0         0      
       _io_perm.c.obj                  98      0         0      
       close.c.obj                     92      0         0      
       exit.c.obj                      76      0         12     
       hostread.c.obj                  88      0         0      
       hostwrite.c.obj                 88      0         0      
       _ltoa.c.obj                     84      0         0      
       atoi.c.obj                      76      0         0      
       fflush.c.obj                    76      0         0      
       fd_toi_t2.asm.obj               72      0         0      
       autoinit.c.obj                  68      0         0      
       hostclose.c.obj                 68      0         0      
       hostunlink.c.obj                68      0         0      
       strncpy.c.obj                   54      0         0      
       boot_cortex_m.c.obj             52      0         0      
       fopen.c.obj                     52      0         0      
       i_tofd_t2.asm.obj               46      0         0      
       unlink.c.obj                    44      0         0      
       lseek.c.obj                     40      0         0      
       write.c.obj                     40      0         0      
       memchr.c.obj                    32      0         0      
       copy_zero_init.c.obj            28      0         0      
       memccpy.c.obj                   28      0         0      
       s_copysign.c.obj                26      0         0      
       strcmp.c.obj                    24      0         0      
       strchr.c.obj                    22      0         0      
       strcpy.c.obj                    20      0         0      
       strlen.c.obj                    20      0         0      
       wcslen.c.obj                    18      0         0      
       copy_decompress_none.c.obj      14      0         0      
       errno.c.obj                     8       0         4      
       _lock.c.obj                     2       0         8      
       pre_init.c.obj                  4       0         0      
       div0.asm.obj                    2       0         0      
    +--+-------------------------------+-------+---------+---------+
       Total:                          10721   257       944    
                                                                
       Heap:                           0       0         2048   
       Stack:                          0       0         2048   
       Linker Generated:               0       137       0      
    +--+-------------------------------+-------+---------+---------+
       Grand Total:                    10921   914       5040   


LINKER GENERATED COPY TABLES

__TI_cinit_table @ 00002e48 records: 2, size/record: 8, table size: 16
	.data: load addr=00002dc8, load size=00000065 bytes, run addr=20001000, run size=000001e8 bytes, compression=lzss
	.bss: load addr=00002e40, load size=00000008 bytes, run addr=200011e8, run size=000001c8 bytes, compression=zero_init


LINKER GENERATED HANDLER TABLE

__TI_handler_table @ 00002e30 records: 3, size/record: 4, table size: 12
	index: 0, handler: __TI_decompress_lzss
	index: 1, handler: __TI_decompress_none
	index: 2, handler: __TI_zero_init


GLOBAL SYMBOLS: SORTED ALPHABETICALLY BY Name 

address   name                           
-------   ----                           
00002cbd  C$$EXIT                        
000029af  C$$IO$$                        
00002831  HOSTclose                      
0000223d  HOSTlseek                      
000024a1  HOSTopen                       
0000255d  HOSTread                       
000021d1  HOSTrename                     
00002875  HOSTunlink                     
000025b5  HOSTwrite                      
00002c95  ResetISR                       
200011e8  __CIOBUF_                      
20000800  __STACK_END                    
00000800  __STACK_SIZE                   
20000200  __STACK_TOP                    
00000800  __SYSMEM_SIZE                  
00002e48  __TI_CINIT_Base                
00002e58  __TI_CINIT_Limit               
00002e30  __TI_Handler_Table_Base        
00002e3c  __TI_Handler_Table_Limit       
000028b9  __TI_auto_init_nobinit_nopinit 
000029f1  __TI_cleanup                   
200011c8  __TI_cleanup_ptr               
0000207d  __TI_closefile                 
000022a5  __TI_decompress_lzss           
00002c87  __TI_decompress_none           
00002709  __TI_doflush                   
200011cc  __TI_dtors_ptr                 
200011d0  __TI_enable_exit_profile_output
200011b8  __TI_ft_end                    
00002663  __TI_ltoa                      
ffffffff  __TI_pprof_out_hndl            
00000209  __TI_printfi                   
ffffffff  __TI_prof_data_size            
ffffffff  __TI_prof_data_start           
00002a25  __TI_readmsg                   
00000000  __TI_static_base__             
20001308  __TI_tmpnams                   
00002981  __TI_writemsg                  
0000243d  __TI_wrt_ok                    
00002bb1  __TI_zero_init_nomemset        
00001ef5  __aeabi_cdcmpeq                
00001ef5  __aeabi_cdcmple                
00001f7b  __aeabi_cdrcmple               
000027e9  __aeabi_d2iz                   
000010a3  __aeabi_dadd                   
0000138d  __aeabi_ddiv                   
0000190d  __aeabi_dmul                   
00001099  __aeabi_dsub                   
00002ca1  __aeabi_errno_addr             
00002abd  __aeabi_i2d                    
0000124f  __aeabi_idiv0                  
0000124f  __aeabi_ldiv0                  
00002001  __aeabi_memclr                 
00002001  __aeabi_memclr4                
00002001  __aeabi_memclr8                
00001d37  __aeabi_memcpy                 
00001d37  __aeabi_memcpy4                
00001d37  __aeabi_memcpy8                
00002003  __aeabi_memset                 
00002003  __aeabi_memset4                
00002003  __aeabi_memset8                
200011c4  __aeabi_stderr                 
200011bc  __aeabi_stdin                  
200011c0  __aeabi_stdout                 
00001dd3  __aeabi_uldivmod               
ffffffff  __binit__                      
ffffffff  __c_args__                     
UNDEFED   __mpu_init                     
20000000  __stack                        
20000000  __start___llvm_prf_cnts        
20000000  __stop___llvm_prf_cnts         
00002a59  _c_int00_noargs                
00002cc0  _ctypes_                       
200010f0  _device                        
20001000  _ftable                        
200011d4  _lock                          
00000c57  _nop                           
20001168  _stream                        
20000800  _sys_memory                    
UNDEFED   _system_post_cinit             
00002cb9  _system_pre_init               
200011d8  _unlock                        
00002cbd  abort                          
0000180d  aligned_alloc                  
00002755  atoi                           
ffffffff  binit                          
00002501  close                          
00001bed  configure_led                  
00002c05  copysign                       
00002c05  copysignl                      
200011e4  errno                          
000027a1  exit                           
00002a8d  finddevice                     
00001e69  fputc                          
000015e9  fputs                          
00001a09  free                           
00002375  frexp                          
00002375  frexpl                         
000023d9  fseek                          
00000000  g_pfnVectors                   
000028fd  getdevice                      
000016fd  ldexp                          
000016fd  ldexpl                         
00002b41  lseek                          
00001c1b  main                           
00002ca9  malloc                         
0000180d  memalign                       
00002be9  memccpy                        
00002b91  memchr                         
00001d37  memcpy                         
00002009  memset                         
200013a8  parmbuf                        
0000230d  printf                         
00001e69  putc                           
00002aed  remove                         
000016fd  scalbn                         
000016fd  scalbnl                        
00001aed  setvbuf                        
00002c37  strchr                         
00002c1f  strcmp                         
00002c4d  strcpy                         
00002c61  strlen                         
000029b9  strncpy                        
00002aed  unlink                         
00001bc9  wait                           
00002c75  wcslen                         
00002b69  write                          


GLOBAL SYMBOLS: SORTED BY Symbol Address 

address   name                           
-------   ----                           
00000000  __TI_static_base__             
00000000  g_pfnVectors                   
00000209  __TI_printfi                   
00000800  __STACK_SIZE                   
00000800  __SYSMEM_SIZE                  
00000c57  _nop                           
00001099  __aeabi_dsub                   
000010a3  __aeabi_dadd                   
0000124f  __aeabi_idiv0                  
0000124f  __aeabi_ldiv0                  
0000138d  __aeabi_ddiv                   
000015e9  fputs                          
000016fd  ldexp                          
000016fd  ldexpl                         
000016fd  scalbn                         
000016fd  scalbnl                        
0000180d  aligned_alloc                  
0000180d  memalign                       
0000190d  __aeabi_dmul                   
00001a09  free                           
00001aed  setvbuf                        
00001bc9  wait                           
00001bed  configure_led                  
00001c1b  main                           
00001d37  __aeabi_memcpy                 
00001d37  __aeabi_memcpy4                
00001d37  __aeabi_memcpy8                
00001d37  memcpy                         
00001dd3  __aeabi_uldivmod               
00001e69  fputc                          
00001e69  putc                           
00001ef5  __aeabi_cdcmpeq                
00001ef5  __aeabi_cdcmple                
00001f7b  __aeabi_cdrcmple               
00002001  __aeabi_memclr                 
00002001  __aeabi_memclr4                
00002001  __aeabi_memclr8                
00002003  __aeabi_memset                 
00002003  __aeabi_memset4                
00002003  __aeabi_memset8                
00002009  memset                         
0000207d  __TI_closefile                 
000021d1  HOSTrename                     
0000223d  HOSTlseek                      
000022a5  __TI_decompress_lzss           
0000230d  printf                         
00002375  frexp                          
00002375  frexpl                         
000023d9  fseek                          
0000243d  __TI_wrt_ok                    
000024a1  HOSTopen                       
00002501  close                          
0000255d  HOSTread                       
000025b5  HOSTwrite                      
00002663  __TI_ltoa                      
00002709  __TI_doflush                   
00002755  atoi                           
000027a1  exit                           
000027e9  __aeabi_d2iz                   
00002831  HOSTclose                      
00002875  HOSTunlink                     
000028b9  __TI_auto_init_nobinit_nopinit 
000028fd  getdevice                      
00002981  __TI_writemsg                  
000029af  C$$IO$$                        
000029b9  strncpy                        
000029f1  __TI_cleanup                   
00002a25  __TI_readmsg                   
00002a59  _c_int00_noargs                
00002a8d  finddevice                     
00002abd  __aeabi_i2d                    
00002aed  remove                         
00002aed  unlink                         
00002b41  lseek                          
00002b69  write                          
00002b91  memchr                         
00002bb1  __TI_zero_init_nomemset        
00002be9  memccpy                        
00002c05  copysign                       
00002c05  copysignl                      
00002c1f  strcmp                         
00002c37  strchr                         
00002c4d  strcpy                         
00002c61  strlen                         
00002c75  wcslen                         
00002c87  __TI_decompress_none           
00002c95  ResetISR                       
00002ca1  __aeabi_errno_addr             
00002ca9  malloc                         
00002cb9  _system_pre_init               
00002cbd  C$$EXIT                        
00002cbd  abort                          
00002cc0  _ctypes_                       
00002e30  __TI_Handler_Table_Base        
00002e3c  __TI_Handler_Table_Limit       
00002e48  __TI_CINIT_Base                
00002e58  __TI_CINIT_Limit               
20000000  __stack                        
20000000  __start___llvm_prf_cnts        
20000000  __stop___llvm_prf_cnts         
20000200  __STACK_TOP                    
20000800  __STACK_END                    
20000800  _sys_memory                    
20001000  _ftable                        
200010f0  _device                        
20001168  _stream                        
200011b8  __TI_ft_end                    
200011bc  __aeabi_stdin                  
200011c0  __aeabi_stdout                 
200011c4  __aeabi_stderr                 
200011c8  __TI_cleanup_ptr               
200011cc  __TI_dtors_ptr                 
200011d0  __TI_enable_exit_profile_output
200011d4  _lock                          
200011d8  _unlock                        
200011e4  errno                          
200011e8  __CIOBUF_                      
20001308  __TI_tmpnams                   
200013a8  parmbuf                        
ffffffff  __TI_pprof_out_hndl            
ffffffff  __TI_prof_data_size            
ffffffff  __TI_prof_data_start           
ffffffff  __binit__                      
ffffffff  __c_args__                     
ffffffff  binit                          
UNDEFED   __mpu_init                     
UNDEFED   _system_post_cinit             

[127 symbols]
